data/runs/eff01e86-1b8d-4078-af6b-9d7aeffe59b9/panel.csv
t,firm_id,price,cost,quantity,profit
0,0,2.6,1.0,2500.0,4000.0
1,0,2.6,0.8768335031085223,2500.0,4307.9162422286945
2,0,2.6,0.9269870326240011,2500.0,4182.532418439998
3,0,2.6,0.9363625207407914,2500.0,4159.093698148022
4,0,2.6,0.8057061182743344,2500.0,4485.734704314164
5,0,2.6,0.895159492871178,2500.0,4262.101267822055
6,0,2.6,1.0881182668970322,2500.0,3779.7043327574197
7,0,2.6,1.0731470704487145,2500.0,3817.132323878214
8,0,2.6,1.1610620563147178,2500.0,3597.344859213206
9,0,2.6,1.2178886023714215,2500.0,3455.2784940714464
10,0,2.6,1.1957089567969437,2500.0,3510.7276080076413
11,0,2.6,1.1987002662769064,2500.0,3503.2493343077344
12,0,2.6,1.1597255062129674,2500.0,3600.6862344675815
13,0,2.6,1.049381765318747,2500.0,3876.545586703133
14,0,2.6,0.8962070128944852,2500.0,4259.482467763787
15,0,2.6,0.8880243994127239,2500.0,4279.93900146819
16,0,2.6,0.9016512285183896,2500.0,4245.871928704026
17,0,2.6,1.0009912395437972,2500.0,3997.521901140507
18,0,2.6,0.8658635327659141,2500.0,4335.341168085215
19,0,2.6,0.8107964625665787,2500.0,4473.008843583553
20,0,2.6,0.8919246449281036,2500.0,4270.188387679741
21,0,2.6,0.9360062149784467,2500.0,4159.9844625538835
22,0,2.6,0.8932916978384,2500.0,4266.770755404
23,0,2.6,1.0365446572396801,2500.0,3908.6383569008
24,0,2.6,0.9916312565931822,2500.0,4020.9218585170447
25,0,2.6,0.9981567349235947,2500.0,4004.6081626910136
26,0,2.6,1.1329161700790447,2500.0,3667.7095748023885
27,0,2.6,1.015366158711491,2500.0,3961.5846032212726
28,0,2.6,1.028036555967999,2500.0,3929.9086100800027
29,0,2.6,1.0251141492095501,2500.0,3937.2146269761247
30,0,2.6,1.0704420310901033,2441.9834337803295,3735.155221084656
31,0,2.6,1.0268065900000847,2500.0,3932.9835249997886
32,0,2.6,1.0056252238254442,2428.1532672908934,3871.386322054435
33,0,2.6,0.978251981340277,2350.6358455858663,3812.1390251694015
34,0,2.6,0.8573587765310339,2294.152092896638,3997.884009989287
35,0,2.6,0.6774814914087123,2289.2293874495813,4401.0858677829165
36,0,2.6,0.6835040835790758,2268.78561884239,4348.11837374596
37,0,2.6,0.6648458589049651,2244.4163162202294,4343.29152867484
38,0,2.6,0.7787507695653266,2307.692479880592,4202.883153062412
39,0,2.6,0.6751931431176796,2342.215007820737,4508.311507346032
40,0,2.6,0.7932538962669498,2274.5213269185983,4109.482545267905
41,0,2.6,0.716498426504123,2243.958274299622,4226.498940502432
42,0,2.554368541184142,0.5543685411841422,2313.520352511145,4627.04070502229
43,0,2.4235529469013044,0.4235529469013044,2506.232844633137,5012.465689266274
44,0,2.36741720433451,0.36741720433450964,2524.548556137086,5049.097112274172
45,0,2.4838266270995093,0.4838266270995093,2428.7546843465298,4857.5093686930595
46,0,2.476201825782244,0.47620182578224385,2468.764801598536,4937.529603197072
47,0,2.458988893337251,0.45898889333725085,2499.651493225753,4999.302986451506
48,0,2.5779020196956215,0.5779020196956216,2370.2003301676536,4740.400660335307
49,0,2.5706809499768064,0.5706809499768064,2453.207422696094,4906.414845392188
50,0,2.6,0.6100098193573188,2403.767656769997,4783.474033518761
51,0,2.6,0.669616670840715,2354.3117326373085,4544.724120327172
52,0,2.6,0.7221226301125789,2295.5723011484665,4310.803275267097
53,0,2.6,0.6955284880716728,2365.2124110085956,4504.479656425185
54,0,2.5992169295967638,0.5992169295967638,2449.759162240215,4899.51832448043
55,0,2.6,0.6544611157237252,2428.9726421959176,4725.660724235441
56,0,2.6,0.6722102768418465,2286.462555972444,4407.819017789602
57,0,2.6,0.7551805917164729,2206.9788605332046,4071.4774355831196
58,0,2.6,0.690092970374064,2145.3455935438105,4097.41063008635
59,0,2.6,0.6939818869181547,2193.7967184474887,4181.416281780427
60,0,2.543213676386909,0.5432136763869091,2180.6067547001862,4361.213509400372
61,0,2.5591762628242662,0.5591762628242665,2224.1212277879654,4448.24245557593
62,0,2.4357585543464975,0.43575855434649746,2432.03873486317,4864.07746972634
63,0,2.5618145418097016,0.5618145418097017,2361.6799317598984,4723.359863519797
64,0,2.6,0.6705425519312737,2407.5763866113,4645.316190941565
65,0,2.6,0.7723937589968228,2364.824037017633,4321.967168927755
66,0,2.6,1.1283665962998375,2338.8219861819625,3441.888560173736
67,0,2.6,1.1388047980681832,2287.3274117505966,3342.231839297093
68,0,2.6,1.1344451822596016,2383.2798942832774,3492.8273310906848
69,0,2.6,1.1961177244816446,2326.3511697802205,3265.9231738858443
70,0,2.6,1.136043863560977,2348.118278409224,3437.5421627618175
71,0,2.6,1.1168813361053067,2264.519326454099,3358.5508778143144
72,0,2.6,1.3251769292139648,2283.464171490101,2911.0128071289005
73,0,2.6,1.3577722322284058,2235.9403422355545,2777.5471802057273
74,0,2.6,1.4916909351726189,2071.92325145048,2296.331321209189
75,0,2.6,1.40612258547717,2054.798364645676,2453.1773589489194
76,0,2.6,1.5218635773055085,2150.6835302329373,2318.7302476332993
77,0,2.6,1.3993236231224935,2101.82785333724,2523.6150517651845
78,0,2.6,1.3128543139765472,2093.8627557173477,2695.1064131467633
79,0,2.6,1.4090275559757586,2073.5385254679773,2469.527245455019
80,0,2.6,1.417552566755243,2087.7421258618774,2468.6453180023295
81,0,2.6,1.4983508415250677,2069.722015853628,2280.10751704219
82,0,2.6,1.469141000011926,2057.5885854208227,2326.8425700958674
83,0,2.6,1.6501242147231736,2074.3519893174825,1970.376724793491
84,0,2.6,1.7714257838287533,2133.370540759943,1767.6558236129988
85,0,2.6,1.75217716005347,2137.7954519698346,1812.4718113138413
86,0,2.6,1.8617697515314362,2063.73397143157,1523.510842502944
87,0,2.6,1.8983769919150812,2172.796248385268,1524.4838397476983
88,0,2.6,2.0212991239477947,2092.891402452101,1211.1580880811596
89,0,2.6,2.1038294456201627,1998.8852774043812,991.7880162314268
90,0,2.6,2.2292089161439823,2009.023139481366,744.9278673801152
91,0,2.6,2.315005343991844,2050.973134094864,584.5163828333353
92,0,2.6,2.208964634451647,2009.5234159702754,785.7947235419116
93,0,2.6,1.9960366468029227,2030.0375943692525,1226.0683126113822
94,0,2.6,2.016557462289804,2024.2819763183847,1181.0522133042095
95,0,2.6,1.9649085276043912,2036.5523932431704,1293.3970580356063
96,0,2.6,1.81050781719359,2144.128685539531,1692.772836164443
97,0,2.6,1.88663994504792,2193.251284876529,1564.5778571032408
98,0,2.6,1.8888899397922052,2254.8377130639587,1603.4377818957182
99,0,2.6,1.7701063328049758,2255.7668247990905,1872.0466025693931
0,1,2.6,1.0,2500.0,4000.0
1,1,2.6,1.0267118947720868,2500.0,3933.2202630697834
2,1,2.6,0.8940390654911483,2500.0,4264.902336272129
3,1,2.6,0.776957257855526,2500.0,4557.606855361185
4,1,2.6,0.7051957296682809,2500.0,4737.010675829298
5,1,2.6,0.6507909479291744,2500.0,4873.0226301770645
6,1,2.6,0.7410698074281212,2500.0,4647.325481429697
7,1,2.6,0.698040649403119,2500.0,4754.898376492202
8,1,2.6,0.6705515014558745,2500.0,4823.621246360314
9,1,2.6,0.7489022670651313,2500.0,4627.744332337172
10,1,2.6,0.9461376074114415,2500.0,4134.655981471396
11,1,2.6,0.9902324324901163,2500.0,4024.4189187747093
12,1,2.6,1.1580552308905476,2500.0,3604.8619227736312
13,1,2.6,1.1645718104092562,2500.0,3588.57047397686
14,1,2.6,1.1648454576593954,2500.0,3587.886355851512
15,1,2.6,1.3118655567619704,2500.0,3220.3361080950745
16,1,2.6,1.3199601512558405,2500.0,3200.0996218603987
17,1,2.6,1.3772980274107849,2500.0,3056.754931473038
18,1,2.6,1.3219169997942637,2500.0,3195.207500514341
19,1,2.6,1.1694089520925675,2500.0,3576.4776197685815
20,1,2.6,1.195052066979,2500.0,3512.3698325525006
21,1,2.6,1.2444939002259459,2500.0,3388.7652494351355
22,1,2.6,1.3593755055841756,2500.0,3101.561236039561
23,1,2.6,1.460596304263579,2500.0,2848.5092393410528
24,1,2.6,1.4263321890515475,2500.0,2934.1695273711316
25,1,2.6,1.447249618196683,2500.0,2881.875954508293
26,1,2.6,1.4454486689040804,2500.0,2886.3783277397993
27,1,2.6,1.3776799032222606,2500.0,3055.8002419443487
28,1,2.6,1.323869211852311,2500.0,3190.3269703692226
29,1,2.6,1.136381429176436,2500.0,3659.04642705891
30,1,2.6,1.2596390064941043,2441.9834337803295,3273.1393414267413
31,1,2.6,1.0537142522003706,2500.0,3865.7143694990737
32,1,2.6,1.075070788368068,2428.1532672908934,3702.761847611402
33,1,2.6,1.0114668600056198,2350.6358455858663,3734.0629407718616
34,1,2.6,0.9127470244942264,2294.152092896638,3870.8149450026503
35,1,2.6,1.0400242397620405,2289.2293874495813,3571.142354045739
36,1,2.6,1.0444809989891621,2268.78561884239,3529.13913932947
37,1,2.6,1.087125507628181,2244.4163162202294,3395.520195072708
38,1,2.6,1.0527243204566734,2307.692479880592,3570.636449984268
39,1,2.6,1.0682322285733075,2342.215007820737,3587.7294627317237
40,1,2.6,1.1889569236244277,2274.5213269185983,3209.4475704170677
41,1,2.6,1.3312387714669782,2243.958274299622,2847.0472568772284
42,1,2.6,1.4290872786569893,2261.3333047918495,2647.8239337774085
43,1,2.6,1.3588509793871486,2294.5970263905533,2847.9368520057965
44,1,2.6,1.2920020155722267,2247.392958388715,2939.5854597896105
45,1,2.6,1.1161463732441625,2291.695562656342,3400.540772067873
46,1,2.6,1.1420667308795365,2320.583953555173,3383.2565496751836
47,1,2.6,1.1788311036802934,2329.481629264829,3310.586836059329
48,1,2.6,0.9383750549040567,2344.1561559291818,3895.1083438921446
49,1,2.6,0.7923796015531828,2417.5068829420266,4369.934754991589
50,1,2.6,0.6164776514105614,2403.767656769997,4767.926868019756
51,1,2.6,0.6190549837144363,2354.3117326373085,4663.7620935505065
52,1,2.6,0.6440643277700183,2295.5723011484665,4489.991751999351
53,1,2.6,0.766823367828649,2365.2124110085956,4335.852121982619
54,1,2.6,0.7023797236660163,2448.8001830420194,4646.892880030907
55,1,2.6,0.7053124397358627,2428.9726421959176,4602.144249390519
56,1,2.6,0.7939730624194408,2286.462555972444,4129.412967855531
57,1,2.6,0.7040140260762883,2206.9788605332046,4184.400964317092
58,1,2.596849042677964,0.5968490426779639,2148.728203662304,4297.456407324608
59,1,2.554474021169296,0.5544740211692959,2244.3067890507564,4488.613578101513
60,1,2.6,0.6316549805883404,2119.563145724735,4172.031561215792
61,1,2.599339975942371,0.5993399759423712,2179.9022301521118,4359.804460304223
62,1,2.6,0.6076359277780033,2240.2986173852105,4463.490476326907
63,1,2.583244512063893,0.5832445120638934,2336.5096567951227,4673.019313590245
64,1,2.6,0.6367556507617851,2407.5763866113,4726.660736373995
65,1,2.4205696656329643,0.42056966563296405,2586.7927383884357,5173.5854767768715
66,1,2.3894923960262275,0.3894923960262274,2598.4137946874393,5196.827589374879
67,1,2.3168172204583217,0.31681722045832184,2635.2431550097403,5270.486310019481
68,1,2.519965294803933,0.5199652948039329,2480.586436131979,4961.172872263958
69,1,2.506059352423305,0.5060593524233048,2438.2275034657455,4876.455006931491
70,1,2.400458683171207,0.4004586831712072,2594.476943806828,5188.953887613656
71,1,2.2616129887431122,0.26161298874311223,2681.9818678142483,5363.963735628497
72,1,2.2923996980982135,0.29239969809821376,2663.10787356675,5326.2157471334995
73,1,2.2580676228193233,0.25806762281932333,2652.8328338928236,5305.665667785647
74,1,2.0,0.0,2796.80384959194,5593.60769918388
75,1,2.0,0.0,2773.6876703097337,5547.375340619467
76,1,2.1589632379189223,0.1589632379189225,2681.306280023629,5362.612560047257
77,1,2.088804690662007,0.08880469066200684,2713.9496985193064,5427.899397038613
78,1,2.0,0.0,2826.419082660423,5652.838165320846
79,1,2.0,0.0,2798.984241451107,5597.968482902214
80,1,2.0,0.0,2818.157096542104,5636.314193084208
81,1,2.0062971897998176,0.006297189799817546,2785.049679612897,5570.099359225794
82,1,2.0,0.0,2777.454074398146,5554.908148796292
83,1,2.0,0.0,2800.0823027930073,5600.164605586015
84,1,2.1614519195310127,0.1614519195310128,2656.414238545958,5312.828477091916
85,1,2.1065192408867164,0.10651924088671638,2736.050658102573,5472.101316205146
86,1,2.0021341544853826,0.0021341544853823446,2782.7784533972704,5565.556906794541
87,1,2.208031780309369,0.20803178030936934,2643.2230944126018,5286.446188825203
88,1,2.1254276959879164,0.12542769598791642,2653.375778685241,5306.751557370482
89,1,2.048503011610694,0.04850301161069409,2633.564253264277,5267.128506528553
90,1,2.109679841298236,0.10967984129823569,2567.181701612805,5134.36340322561
91,1,2.153050085825077,0.15305008582507715,2564.5661888421255,5129.132377684251
92,1,2.1116202851164925,0.11162028511649227,2565.33081987434,5130.66163974868
93,1,2.191997751078379,0.19199775107837874,2489.4341526912735,4978.868305382547
94,1,2.169284364036906,0.16928436403690617,2510.728314180155,5021.45662836031
95,1,2.217864401065502,0.2178644010655022,2465.331236538267,4930.662473076534
96,1,2.329479933577506,0.3294799335775059,2454.6723643383534,4909.344728676707
97,1,2.477154381833906,0.477154381833906,2332.1902720347844,4664.380544069569
98,1,2.5900049339110467,0.5900049339110466,2266.1345436752317,4532.269087350463
99,1,2.5724540322286416,0.5724540322286417,2287.0504045197076,4574.100809039415
