data/runs/eff01e86-1b8d-4078-af6b-9d7aeffe59b9/panel.csv
t,firm_id,price,cost,quantity,profit
0,2,2.6,1.0,2500.0,4000.0
1,2,2.6,0.9993073876436354,2500.0,4001.731530890912
2,2,2.6,1.110084204309386,2500.0,3724.7894892265354
3,2,2.6,0.9742601648133755,2500.0,4064.3495879665616
4,2,2.6,1.0928223006063087,2500.0,3767.9442484842284
5,2,2.6,1.038163508208128,2500.0,3904.5912294796804
6,2,2.6,0.9578244502476635,2500.0,4105.438874380841
7,2,2.6,0.9729785960010195,2500.0,4067.5535099974513
8,2,2.6,1.0099066986995777,2500.0,3975.233253251056
9,2,2.6,0.9468632891465083,2500.0,4132.84177713373
10,2,2.6,0.9282664830253233,2500.0,4179.3337924366915
11,2,2.6,0.870540427789189,2500.0,4323.648930527028
12,2,2.6,1.000186026887547,2500.0,3999.5349327811323
13,2,2.6,0.8712430565084677,2500.0,4321.892358728831
14,2,2.6,1.0236984768662365,2500.0,3940.753807834409
15,2,2.6,0.9180134360787423,2500.0,4204.966409803144
16,2,2.6,0.9266330331817549,2500.0,4183.417417045613
17,2,2.6,0.8717309763882818,2500.0,4320.672559029296
18,2,2.6,0.8696724305398632,2500.0,4325.818923650342
19,2,2.6,0.6933092419250266,2500.0,4766.726895187434
20,2,2.6,0.6347534276030851,2500.0,4913.116430992288
21,2,2.6,0.6134025349056987,2500.0,4966.493662735754
22,2,2.6,0.6987265208177647,2500.0,4753.183697955588
23,2,2.6,0.7245672985936461,2500.0,4688.581753515885
24,2,2.6,0.665110443628057,2500.0,4837.223890929858
25,2,2.6,0.781769217656578,2500.0,4545.576955858555
26,2,2.6,0.8207650981561733,2500.0,4448.087254609567
27,2,2.6,0.7121394092614497,2500.0,4719.651476846376
28,2,2.6,0.634729513326979,2500.0,4913.176216682553
29,2,2.6,0.6249487585895376,2500.0,4937.628103526156
30,2,2.5071568248339253,0.5071568248339254,2558.01656621967,5116.03313243934
31,2,2.6,0.6389651179405675,2500.0,4902.587205148581
32,2,2.4850135644462776,0.48501356444627786,2571.8467327091066,5143.693465418212
33,2,2.360732389341287,0.36073238934128704,2649.3641544141337,5298.728308828267
34,2,2.269895988889555,0.2698959888895552,2705.8479071033616,5411.695814206723
35,2,2.261964591117076,0.26196459111707593,2710.7706125504187,5421.541225100837
36,2,2.228996760240114,0.22899676024011387,2731.2143811576107,5462.428762315221
37,2,2.189632422018724,0.1896324220187239,2755.5836837797706,5511.167367559541
38,2,2.2916989174866256,0.2916989174866257,2692.307520119408,5384.615040238816
39,2,2.34720799997703,0.34720799997703,2657.784992179263,5315.569984358526
40,2,2.2382511039584854,0.23825110395848545,2725.478673081402,5450.957346162804
41,2,2.1888918003215965,0.18889180032159666,2756.041725700378,5512.083451400755
42,2,2.236113806169739,0.2361138061697388,2712.5731713485025,5425.146342697005
43,2,2.350410797511564,0.35041079751156406,2599.585064488155,5199.17012897631
44,2,2.2977561143052343,0.29775611430523424,2614.029242737099,5228.058485474198
45,2,2.3171966489911,0.3171966489910998,2639.774876498564,5279.549752997128
46,2,2.368522383440503,0.3685223834405027,2605.3256224231454,5210.651244846291
47,2,2.3915051952888375,0.39150519528883765,2585.433438754709,5170.866877509418
48,2,2.360156590483476,0.3601565904834757,2642.8217569515823,5285.643513903165
49,2,2.4818351348214773,0.4818351348214774,2564.64284718094,5129.28569436188
50,2,2.445952136186583,0.4459521361865828,2596.2323432300027,5192.464686460005
51,2,2.36663436177009,0.3666343617700897,2645.6882673626915,5291.376534725383
52,2,2.2721837255850192,0.2721837255850193,2704.427698851533,5408.855397703066
53,2,2.384130529870381,0.38413052987038104,2634.787588991404,5269.575177982808
54,2,2.5184447655989874,0.5184447655989874,2550.720327358883,5101.440654717766
55,2,2.4863256356387713,0.48632563563877146,2571.027357804083,5142.054715608165
56,2,2.2575055485209323,0.2575055485209323,2713.537444027556,5427.074888055112
57,2,2.1290013863820514,0.12900138638205136,2793.021139466796,5586.042278933592
58,2,2.0298850327800566,0.02988503278005658,2852.963101396943,5705.926202793886
59,2,2.1256834776947486,0.12568347769474852,2780.948246250877,5561.896492501754
60,2,2.0078416347366757,0.007841634736675873,2849.9150497875394,5699.830099575078
61,2,2.10009866177994,0.10009866177994031,2797.988271029961,5595.976542059922
62,2,2.25368746900871,0.2536874690087097,2663.83132387581,5327.66264775162
63,2,2.330758606926987,0.3307586069269872,2650.90520572249,5301.81041144498
64,2,2.45205479312337,0.4520547931233699,2592.4236133887,5184.8472267774
65,2,2.5197918721753085,0.5197918721753083,2461.5904862054936,4923.180972410987
66,2,2.495438249257339,0.49543824925733865,2464.350424443159,4928.700848886318
67,2,2.4689808262308524,0.4689808262308524,2442.1862782299218,4884.3725564598435
68,2,2.4506484686177026,0.4506484686177027,2568.066834792372,5136.133669584744
69,2,2.3640017506821773,0.3640017506821772,2617.7106633770168,5235.4213267540335
70,2,2.5045269122948235,0.5045269122948234,2462.92783397712,4925.85566795424
71,2,2.5076654198447534,0.5076654198447536,2371.516937917405,4743.03387583481
72,2,2.508532762217131,0.5085327622171307,2390.320081376398,4780.640162752796
73,2,2.4103071744388442,0.4103071744388444,2458.3939899787974,4916.787979957594
74,2,2.361385610986215,0.36138561098621474,2334.4690493656394,4668.938098731279
75,2,2.2912302146343793,0.29123021463437904,2397.8262947348567,4795.652589469713
76,2,2.3096552202348812,0.30965522023488146,2486.703909719806,4973.407819439611
77,2,2.2769576060079073,0.2769576060079071,2470.2727496241478,4940.5454992482955
78,2,2.4532303379821747,0.4532303379821746,2253.299078961806,4506.598157923612
79,2,2.3680706136792895,0.36807061367928956,2328.4929916298092,4656.9859832596185
80,2,2.427376776399073,0.4273767763990729,2275.943681053916,4551.887362107832
81,2,2.3373540034044256,0.33735400340442545,2360.178624920577,4720.357249841154
82,2,2.3025730925716035,0.30257309257160364,2387.5032657828847,4775.0065315657685
83,2,2.371441754011051,0.3714417540110507,2325.4834050965032,4650.9668101930065
84,2,2.240240623870498,0.2402406238704979,2553.8009821481396,5107.601964296279
85,2,2.3768771543555545,0.37687715435555447,2390.1032318250204,4780.206463650041
86,2,2.322655663218181,0.32265566321818084,2370.7091217738903,4741.418243547781
87,2,2.2871052842507105,0.2871052842507107,2540.7575627895285,5081.515125579056
88,2,2.1657955946029572,0.16579559460295734,2600.3570401774155,5200.714080354831
89,2,2.010730381897531,0.010730381897531255,2683.7752346656707,5367.5504693313405
90,2,2.0,0.0,2711.8975794529147,5423.795158905829
91,2,2.055888815724113,0.05588881572411314,2692.2303385315054,5384.460677063011
92,2,2.0,0.0,2712.572882077692,5425.145764155384
93,2,2.0,0.0,2740.2641264697368,5480.5282529394735
94,2,2.0,0.0,2732.49485475073,5464.98970950146
95,2,2.0,0.0,2749.0581851092816,5498.116370218563
96,2,2.13851897296331,0.13851897296330978,2700.599475061058,5401.198950122116
97,2,2.1568412112646342,0.15684121126463424,2737.2792215443433,5474.5584430886865
98,2,2.2105950344387266,0.21059503443872662,2739.5138716304045,5479.027743260809
99,2,2.2194089410450166,0.21940894104501682,2728.591385340601,5457.182770681201
